[frame.io/v4d7e8.html]
[frame.io/_next/static/media/047e9a130b09a20c-s.p.woff2]
[frame.io/_next/static/media/19874d4df76220a9-s.p.woff]
[frame.io/_next/static/css/2b22909c7ab889a6.css]
[frame.io/_next/static/css/b3232fa296bcabd6.css]
[frame.io/_next/static/css/4ef615f69d8733c2.css]
[frame.io/_next/static/css/76bd4c54e1585539.css]
[frame.io/_next/static/css/a9f1581415a15378.css]
[frame.io/_next/static/css/678f08cf88aea2a0.css]
[frame.io/_next/static/css/116b2107aeabb03a.css]
[frame.io/_next/static/chunks/webpack-e7e1b64e9701b7d2.js]
[frame.io/_next/static/chunks/fd9d1056-995c4a605778d171.js]
[frame.io/_next/static/chunks/938-84780ea2d43630a6.js]
[frame.io/_next/static/chunks/main-app-fb371c3a13db0823.js]
[frame.io/_next/static/chunks/c15bf2b0-3cc01cdc5a56a721.js]
[frame.io/_next/static/chunks/95-e69167b7af32be1c.js]
[frame.io/_next/static/chunks/50-9903ab9bcd5a3a3f.js]
[frame.io/_next/static/chunks/468-929e6ac76a5e5696.js]
[frame.io/_next/static/chunks/app/layout-176bce1f800b7854.js]
[frame.io/_next/static/chunks/13efdb55-e971de43da029763.js]
[frame.io/_next/static/chunks/a4634e51-f9a59b4a442328b7.js]
[frame.io/_next/static/chunks/345-8432a1b8969398f6.js]
[frame.io/_next/static/chunks/593-3291da3b45d2194a.js]
[frame.io/_next/static/chunks/663-a1f2b0d11814a0fc.js]
[frame.io/_next/static/chunks/25-574b9bec114e164c.js]
[frame.io/_next/static/chunks/976-58edf2d187a3dc69.js]
[frame.io/_next/static/chunks/316-7608b02e3aecea07.js]
[frame.io/_next/static/chunks/526-f78ac7706bc22571.js]
[frame.io/_next/static/chunks/app/[[...slug]]/layout-a18287023f1015d0.js]
[frame.io/_next/static/chunks/586-d40e2c80e83160fe.js]
[frame.io/_next/static/chunks/app/[[...slug]]/page-e38dd83974d46059.js]
[frame.io/_next/static/chunks/app/[[...slug]]/error-703ec3bf815f2342.js]
[backblue.gif]
[fade.gif]
[index.html]
[frame.io/manifest.json]
[frame.io/favicon.png]
[frame.io/favicon.ico]
[frame.io/favicon.svg]
[frame.io/_next/static/chunks/polyfills-c67a75d1b6f99dc8.js]
[frame.io/v4.html]
[frame.io/index.html]
[frame.io/integrations/creative-cloud.html]
[frame.io/integrations.html]
[frame.io/integrations/final-cut-pro.html]
[frame.io/integrations/avid-media-composer.html]
[frame.io/enterprise.html]
[frame.io/content-supply-chain.html]
[frame.io/c2c.html]
[frame.io/customers.html]
[frame.io/live.html]
[frame.io/pricing.html]
[frame.io/v4-keynote.html]
[frame.io/transfer.html]
[frame.io/security.html]
[frame.io/careers.html]
[frame.io/terms.html]
[frame.io/v4d7e8.html]
[frame.io/_next/static/css/2b22909c7ab889a6.css]
[frame.io/_next/static/css/b3232fa296bcabd6.css]
[frame.io/_next/static/css/4ef615f69d8733c2.css]
[frame.io/privacy.html]
[frame.io/_next/static/css/76bd4c54e1585539.css]
[frame.io/_next/static/css/a9f1581415a15378.css]
[frame.io/_next/static/css/678f08cf88aea2a0.css]
[frame.io/_next/static/css/9a383d4b2254ecb2.css]
[frame.io/_next/static/css/116b2107aeabb03a.css]
[frame.io/v4.html]
[frame.io/favicon.svg]
[frame.io/index.html]
[frame.io/photo-cloud-workflow.html]
[frame.io/integrations.html]
[frame.io/c2c/red.html]
[frame.io/integrations/creative-cloud.html]
[frame.io/integrations/final-cut-pro.html]
[frame.io/integrations/avid-media-composer.html]
[frame.io/creative-cloud-enterprise.html]
[frame.io/enterprise.html]
[frame.io/content-supply-chain.html]
[frame.io/c2c.html]
[frame.io/case-studies/vmware.html]
[frame.io/case-studies/stamp.html]
[frame.io/case-studies/sundance-film-festival.html]
[frame.io/case-studies/la-rams.html]
[frame.io/case-studies/xfinity.html]
[frame.io/case-studies/vspeed.html]
[frame.io/case-studies/sandwich.html]
[frame.io/case-studies/elastique-bmw.html]
[frame.io/case-studies/devotion.html]
[frame.io/case-studies/ford.html]
[frame.io/case-studies/north-face.html]
[frame.io/case-studies/vice-speaker-session.html]
[frame.io/case-studies/the-green-knight.html]
[frame.io/customers.html]
[frame.io/case-studies/yeti.html]
[frame.io/live.html]
[frame.io/pricing.html]
[frame.io/v4-keynote.html]
[frame.io/transfer.html]
[frame.io/security.html]
[frame.io/careers.html]
[frame.io/live/the-ultimate-frameio-admin-guide/register.html]
[frame.io/terms.html]
[frame.io/privacy.html]
[frame.io/form-input-mask-underline.svg]
[frame.io/form-input-mask.svg]
[frame.io/photo-cloud-workflow.html]
[frame.io/c2c/red.html]
[frame.io/gration8234]
[frame.io/copyright.html]
[frame.io/gration/index8234.html]
[frame.io/creative-cloud-enterprise.html]
[frame.io/case-studies/vmware.html]
[frame.io/case-studies/stamp.html]
[frame.io/case-studies/sundance-film-festival.html]
[frame.io/case-studies/la-rams.html]
[frame.io/case-studies/xfinity.html]
[frame.io/case-studies/vspeed.html]
[frame.io/case-studies/sandwich.html]
[frame.io/case-studies/elastique-bmw.html]
[frame.io/case-studies/devotion.html]
[frame.io/case-studies/ford.html]
[frame.io/case-studies/north-face.html]
[frame.io/case-studies/vice-speaker-session.html]
[frame.io/case-studies/the-green-knight.html]
[frame.io/case-studies/yeti.html]
[frame.io/_next/static/css/96b72660d687c429.css]
[frame.io/case-studies/malka.html]
[frame.io/_next/static/chunks/app/live/[event]/layout-aee77aa3c6962d49.js]
[frame.io/_next/static/chunks/app/not-found-7e656474afbf9a79.js]
[frame.io/_next/static/chunks/app/live/[event]/register/layout-d5d513a9e1a66a27.js]
[frame.io/_next/static/chunks/app/live/[event]/register/page-b1e3db1cd6651087.js]
[frame.io/live/the-ultimate-frameio-admin-guide/register.html]
[frame.io/copyright.html]
[frame.io/4048234]
[frame.io/case-studies/malka.html]
[frame.io/_next/static/css/cb866dc0478ad997.css]
[frame.io/_next/static/css/96b72660d687c429.css]
